// Vitest Snapshot v1, https://vitest.dev/guide/snapshot.html

exports[`utils > nomarlizeAnimate 1`] = `
{
  "animate": [
    "spin 1s linear infinite",
    "bounce 2s ease-in-out 3",
    "fade 1s ease-in-out 3",
    "foo 1s * 3",
    "bar 1s +",
  ],
  "counts": {
    "bounce": "3",
    "fade": "3",
    "foo": "3",
    "spin": "infinite",
  },
  "durations": {
    "bar": "1s",
    "bounce": "2s",
    "fade": "1s",
    "foo": "1s",
    "spin": "1s",
  },
  "timingFns": {
    "bar": "",
    "bounce": "ease-in-out",
    "fade": "ease-in-out",
    "spin": "linear",
  },
}
`;
