{
  "durations": {
    "boingInUp": "1s",
    "boingOutDown": "1s",
    "bombLeftOut": "1s",
    "bombRightOut": "1s",
    "foolishIn": "1s",
    "foolishOut": "1s",
    "holeOut": "1s",
    "magic": "1s",
    "openDownLeft": "1s",
    "openDownLeftOut": "1s",
    "openDownLeftReturn": "1s",
    "openDownRight": "1s",
    "openDownRightOut": "1s",
    "openDownRightReturn": "1s",
    "openUpLeft": "1s",
    "openUpLeftOut": "1s",
    "openUpLeftReturn": "1s",
    "openUpRight": "1s",
    "openUpRightOut": "1s",
    "openUpRightReturn": "1s",
    "perspectiveDown": "1s",
    "perspectiveDownReturn": "1s",
    "perspectiveLeft": "1s",
    "perspectiveLeftReturn": "1s",
    "perspectiveRight": "1s",
    "perspectiveRightReturn": "1s",
    "perspectiveUp": "1s",
    "perspectiveUpReturn": "1s",
    "puffIn": "1s",
    "puffOut": "1s",
    "rotateDown": "1s",
    "rotateLeft": "1s",
    "rotateRight": "1s",
    "rotateUp": "1s",
    "slideDown": "1s",
    "slideDownReturn": "1s",
    "slideLeft": "1s",
    "slideLeftReturn": "1s",
    "slideRight": "1s",
    "slideRightReturn": "1s",
    "slideUp": "1s",
    "slideUpReturn": "1s",
    "spaceInDown": "1s",
    "spaceInLeft": "1s",
    "spaceInRight": "1s",
    "spaceInUp": "1s",
    "spaceOutDown": "1s",
    "spaceOutLeft": "1s",
    "spaceOutRight": "1s",
    "spaceOutUp": "1s",
    "swap": "1s",
    "swashIn": "1s",
    "swashOut": "1s",
    "tinDownIn": "1s",
    "tinDownOut": "1s",
    "tinLeftIn": "1s",
    "tinLeftOut": "1s",
    "tinRightIn": "1s",
    "tinRightOut": "1s",
    "tinUpIn": "1s",
    "tinUpOut": "1s",
    "twisterInDown": "1s",
    "twisterInUp": "1s",
    "vanishIn": "1s",
    "vanishOut": "1s",
  },
  "keyframes": {
    "boingInUp": "{0%{opacity:0;transform-origin:50% 0%;transform:perspective(800px) rotateX(-90deg);}50%{opacity:1;transform-origin:50% 0%;transform:perspective(800px) rotateX(50deg);}100%{opacity:1;transform-origin:50% 0%;transform:perspective(800px) rotateX(0deg);}}",
    "boingOutDown": "{0%{opacity:1;transform-origin:100% 100%;transform:perspective(800px) rotateX(0deg) rotateY(0deg);}20%{opacity:1;transform-origin:100% 100%;transform:perspective(800px) rotateX(0deg) rotateY(10deg);}30%{opacity:1;transform-origin:0% 100%;transform:perspective(800px) rotateX(0deg) rotateY(0deg);}40%{opacity:1;transform-origin:0% 100%;transform:perspective(800px) rotateX(10deg) rotateY(10deg);}100%{opacity:0;transform-origin:100% 100%;transform:perspective(800px) rotateX(90deg) rotateY(0deg);}}",
    "bombLeftOut": "{0%{opacity:1;transform-origin:50% 50%;transform:rotate(0deg);filter:blur(0px);}50%{opacity:1;transform-origin:-100% 50%;transform:rotate(-160deg);filter:blur(0px);}100%{opacity:0;transform-origin:-100% 50%;transform:rotate(-160deg);filter:blur(20px);}}",
    "bombRightOut": "{0%{opacity:1;transform-origin:50% 50%;transform:rotate(0deg);filter:blur(0px);}50%{opacity:1;transform-origin:200% 50%;transform:rotate(160deg);filter:blur(0px);}100%{opacity:0;transform-origin:200% 50%;transform:rotate(160deg);filter:blur(20px);}}",
    "foolishIn": "{0%{opacity:0;transform-origin:50% 50%;transform:scale(0, 0) rotate(360deg);}20%{opacity:1;transform-origin:0% 100%;transform:scale(0.5, 0.5) rotate(0deg);}40%{opacity:1;transform-origin:100% 100%;transform:scale(0.5, 0.5) rotate(0deg);}60%{opacity:1;transform-origin:0%;transform:scale(0.5, 0.5) rotate(0deg);}80%{opacity:1;transform-origin:0% 0%;transform:scale(0.5, 0.5) rotate(0deg);}100%{opacity:1;transform-origin:50% 50%;transform:scale(1, 1) rotate(0deg);}}",
    "foolishOut": "{0%{opacity:1;transform-origin:50% 50%;transform:scale(1, 1) rotate(360deg);}20%{opacity:1;transform-origin:0% 0%;transform:scale(0.5, 0.5) rotate(0deg);}40%{opacity:1;transform-origin:100% 0%;transform:scale(0.5, 0.5) rotate(0deg);}60%{opacity:1;transform-origin:0%;transform:scale(0.5, 0.5) rotate(0deg);}80%{opacity:1;transform-origin:0% 100%;transform:scale(0.5, 0.5) rotate(0deg);}100%{opacity:0;transform-origin:50% 50%;transform:scale(0, 0) rotate(0deg);}}",
    "holeOut": "{0%{opacity:1;transform-origin:50% 50%;transform:scale(1, 1) rotateY(0deg);}100%{opacity:0;transform-origin:50% 50%;transform:scale(0, 0) rotateY(180deg);}}",
    "magic": "{0%{opacity:1;transform-origin:100% 200%;transform:scale(1, 1) rotate(0deg);}100%{opacity:0;transform-origin:200% 500%;transform:scale(0, 0) rotate(270deg);}}",
    "openDownLeft": "{0%{transform-origin:bottom left;transform:rotate(0deg);webkit-animation-timing-function:ease-out;animation-timing-function:ease-out;}100%{transform-origin:bottom left;transform:rotate(-110deg);webkit-animation-timing-function:ease-in-out;animation-timing-function:ease-in-out;}}",
    "openDownLeftOut": "{0%{opacity:1;transform-origin:bottom left;transform:rotate(0deg);webkit-animation-timing-function:ease-out;animation-timing-function:ease-out;}100%{opacity:0;transform-origin:bottom left;transform:rotate(-110deg);webkit-animation-timing-function:ease-in-out;animation-timing-function:ease-in-out;}}",
    "openDownLeftReturn": "{0%{transform-origin:bottom left;transform:rotate(-110deg);webkit-animation-timing-function:ease-in-out;animation-timing-function:ease-in-out;}100%{transform-origin:bottom left;transform:rotate(0deg);webkit-animation-timing-function:ease-out;animation-timing-function:ease-out;}}",
    "openDownRight": "{0%{transform-origin:bottom right;transform:rotate(0deg);webkit-animation-timing-function:ease-out;animation-timing-function:ease-out;}100%{transform-origin:bottom right;transform:rotate(110deg);webkit-animation-timing-function:ease-in-out;animation-timing-function:ease-in-out;}}",
    "openDownRightOut": "{0%{opacity:1;transform-origin:bottom right;transform:rotate(0deg);webkit-animation-timing-function:ease-out;animation-timing-function:ease-out;}100%{opacity:0;transform-origin:bottom right;transform:rotate(110deg);webkit-animation-timing-function:ease-in-out;animation-timing-function:ease-in-out;}}",
    "openDownRightReturn": "{0%{transform-origin:bottom right;transform:rotate(110deg);webkit-animation-timing-function:ease-in-out;animation-timing-function:ease-in-out;}100%{transform-origin:bottom right;transform:rotate(0deg);webkit-animation-timing-function:ease-out;animation-timing-function:ease-out;}}",
    "openUpLeft": "{0%{transform-origin:top left;transform:rotate(0deg);webkit-animation-timing-function:ease-out;animation-timing-function:ease-out;}100%{transform-origin:top left;transform:rotate(110deg);webkit-animation-timing-function:ease-in-out;animation-timing-function:ease-in-out;}}",
    "openUpLeftOut": "{0%{opacity:1;transform-origin:top left;transform:rotate(0deg);webkit-animation-timing-function:ease-out;animation-timing-function:ease-out;}100%{opacity:0;transform-origin:top left;transform:rotate(110deg);webkit-animation-timing-function:ease-in-out;animation-timing-function:ease-in-out;}}",
    "openUpLeftReturn": "{0%{transform-origin:top left;transform:rotate(110deg);webkit-animation-timing-function:ease-in-out;animation-timing-function:ease-in-out;}100%{transform-origin:top left;transform:rotate(0deg);webkit-animation-timing-function:ease-out;animation-timing-function:ease-out;}}",
    "openUpRight": "{0%{transform-origin:top right;transform:rotate(0deg);webkit-animation-timing-function:ease-out;animation-timing-function:ease-out;}100%{transform-origin:top right;transform:rotate(-110deg);webkit-animation-timing-function:ease-in-out;animation-timing-function:ease-in-out;}}",
    "openUpRightOut": "{0%{opacity:1;transform-origin:top right;transform:rotate(0deg);webkit-animation-timing-function:ease-out;animation-timing-function:ease-out;}100%{opacity:0;transform-origin:top right;transform:rotate(-110deg);webkit-animation-timing-function:ease-in-out;animation-timing-function:ease-in-out;}}",
    "openUpRightReturn": "{0%{transform-origin:top right;transform:rotate(-110deg);webkit-animation-timing-function:ease-in-out;animation-timing-function:ease-in-out;}100%{transform-origin:top right;transform:rotate(0deg);webkit-animation-timing-function:ease-out;animation-timing-function:ease-out;}}",
    "perspectiveDown": "{0%{transform-origin:0 100%;transform:perspective(800px) rotateX(0deg);}100%{transform-origin:0 100%;transform:perspective(800px) rotateX(-180deg);}}",
    "perspectiveDownReturn": "{0%{transform-origin:0 100%;transform:perspective(800px) rotateX(-180deg);}100%{transform-origin:0 100%;transform:perspective(800px) rotateX(0deg);}}",
    "perspectiveLeft": "{0%{transform-origin:0 0;transform:perspective(800px) rotateY(0deg);}100%{transform-origin:0 0;transform:perspective(800px) rotateY(-180deg);}}",
    "perspectiveLeftReturn": "{0%{transform-origin:0 0;transform:perspective(800px) rotateY(-180deg);}100%{transform-origin:0 0;transform:perspective(800px) rotateY(0deg);}}",
    "perspectiveRight": "{0%{transform-origin:100% 0;transform:perspective(800px) rotateY(0deg);}100%{transform-origin:100% 0;transform:perspective(800px) rotateY(180deg);}}",
    "perspectiveRightReturn": "{0%{transform-origin:100% 0;transform:perspective(800px) rotateY(180deg);}100%{transform-origin:100% 0;transform:perspective(800px) rotateY(0deg);}}",
    "perspectiveUp": "{0%{transform-origin:0 0;transform:perspective(800px) rotateX(0deg);}100%{transform-origin:0 0;transform:perspective(800px) rotateX(180deg);}}",
    "perspectiveUpReturn": "{0%{transform-origin:0 0;transform:perspective(800px) rotateX(180deg);}100%{transform-origin:0 0;transform:perspective(800px) rotateX(0deg);}}",
    "puffIn": "{0%{opacity:0;transform-origin:50% 50%;transform:scale(2, 2);filter:blur(2px);}100%{opacity:1;transform-origin:50% 50%;transform:scale(1, 1);filter:blur(0px);}}",
    "puffOut": "{0%{opacity:1;transform-origin:50% 50%;transform:scale(1, 1);filter:blur(0px);}100%{opacity:0;transform-origin:50% 50%;transform:scale(2, 2);filter:blur(2px);}}",
    "rotateDown": "{0%{opacity:1;transform-origin:0 0;transform:perspective(800px) rotateX(0deg) translateZ(0px);}100%{opacity:0;transform-origin:50% 100%;transform:perspective(800px) rotateX(-180deg) translateZ(300px);}}",
    "rotateLeft": "{0%{opacity:1;transform-origin:0 0;transform:perspective(800px) rotateY(0deg) translateZ(0px);}100%{opacity:0;transform-origin:50% 0;transform:perspective(800px) rotateY(-180deg) translateZ(300px);}}",
    "rotateRight": "{0%{opacity:1;transform-origin:0 0;transform:perspective(800px) rotateY(0deg) translate3d(0px);}100%{opacity:0;transform-origin:50% 0;transform:perspective(800px) rotateY(180deg) translateZ(150px);}}",
    "rotateUp": "{0%{opacity:1;transform-origin:0 0;transform:perspective(800px) rotateX(0deg) translateZ(0px);}100%{opacity:0;transform-origin:50% 0;transform:perspective(800px) rotateX(180deg) translateZ(100px);}}",
    "slideDown": "{0%{transform-origin:0 0;transform:translateY(0%);}100%{transform-origin:0 0;transform:translateY(100%);}}",
    "slideDownReturn": "{0%{transform-origin:0 0;transform:translateY(100%);}100%{transform-origin:0 0;transform:translateY(0%);}}",
    "slideLeft": "{0%{transform-origin:0 0;transform:translateX(0%);}100%{transform-origin:0 0;transform:translateX(-100%);}}",
    "slideLeftReturn": "{0%{transform-origin:0 0;transform:translateX(-100%);}100%{transform-origin:0 0;transform:translateX(0%);}}",
    "slideRight": "{0%{transform-origin:0 0;transform:translateX(0%);}100%{transform-origin:0 0;transform:translateX(100%);}}",
    "slideRightReturn": "{0%{transform-origin:0 0;transform:translateX(100%);}100%{transform-origin:0 0;transform:translateX(0%);}}",
    "slideUp": "{0%{transform-origin:0 0;transform:translateY(0%);}100%{transform-origin:0 0;transform:translateY(-100%);}}",
    "slideUpReturn": "{0%{transform-origin:0 0;transform:translateY(-100%);}100%{transform-origin:0 0;transform:translateY(0%);}}",
    "spaceInDown": "{0%{opacity:0;transform-origin:50% 100%;transform:scale(0.2) translate(0%, 200%);}100%{opacity:1;transform-origin:50% 100%;transform:scale(1) translate(0%, 0%);}}",
    "spaceInLeft": "{0%{opacity:0;transform-origin:0% 50%;transform:scale(0.2) translate(-200%, 0%);}100%{opacity:1;transform-origin:0% 50%;transform:scale(1) translate(0%, 0%);}}",
    "spaceInRight": "{0%{opacity:0;transform-origin:100% 50%;transform:scale(0.2) translate(200%, 0%);}100%{opacity:1;transform-origin:100% 50%;transform:scale(1) translate(0%, 0%);}}",
    "spaceInUp": "{0%{opacity:0;transform-origin:50% 0%;transform:scale(0.2) translate(0%, -200%);}100%{opacity:1;transform-origin:50% 0%;transform:scale(1) translate(0%, 0%);}}",
    "spaceOutDown": "{0%{opacity:1;transform-origin:50% 100%;transform:scale(1) translate(0%, 0%);}100%{opacity:0;transform-origin:50% 100%;transform:scale(0.2) translate(0%, 200%);}}",
    "spaceOutLeft": "{0%{opacity:1;transform-origin:0% 50%;transform:scale(1) translate(0%, 0%);}100%{opacity:0;transform-origin:0% 50%;transform:scale(0.2) translate(-200%, 0%);}}",
    "spaceOutRight": "{0%{opacity:1;transform-origin:100% 50%;transform:scale(1) translate(0%, 0%);}100%{opacity:0;transform-origin:100% 50%;transform:scale(0.2) translate(200%, 0%);}}",
    "spaceOutUp": "{0%{opacity:1;transform-origin:50% 0%;transform:scale(1) translate(0%, 0%);}100%{opacity:0;transform-origin:50% 0%;transform:scale(0.2) translate(0%, -200%);}}",
    "swap": "{0%{opacity:0;transform-origin:0 100%;transform:scale(0, 0) translate(-700px, 0px);}100%{opacity:1;transform-origin:100% 100%;transform:scale(1, 1) translate(0px, 0px);}}",
    "swashIn": "{0%{opacity:0;transform-origin:50% 50%;transform:scale(0, 0);}90%{opacity:1;transform-origin:50% 50%;transform:scale(0.9, 0.9);}100%{opacity:1;transform-origin:50% 50%;transform:scale(1, 1);}}",
    "swashOut": "{0%{opacity:1;transform-origin:50% 50%;transform:scale(1, 1);}80%{opacity:1;transform-origin:50% 50%;transform:scale(0.9, 0.9);}100%{opacity:0;transform-origin:50% 50%;transform:scale(0, 0);}}",
    "tinDownIn": "{0%{opacity:0;transform:scale(1, 1) translateY(900%);}50%, 70%, 90%{opacity:1;transform:scale(1.1, 1.1) translateY(0);}60%, 80%, 100%{opacity:1;transform:scale(1, 1) translateY(0);}}",
    "tinDownOut": "{0%, 20%, 40%, 50%{opacity:1;transform:scale(1, 1) translateY(0);}10%, 30%{opacity:1;transform:scale(1.1, 1.1) translateY(0);}100%{opacity:0;transform:scale(1, 1) translateY(900%);}}",
    "tinLeftIn": "{0%{opacity:0;transform:scale(1, 1) translateX(-900%);}50%, 70%, 90%{opacity:1;transform:scale(1.1, 1.1) translateX(0);}60%, 80%, 100%{opacity:1;transform:scale(1, 1) translateX(0);}}",
    "tinLeftOut": "{0%, 20%, 40%, 50%{opacity:1;transform:scale(1, 1) translateX(0);}10%, 30%{opacity:1;transform:scale(1.1, 1.1) translateX(0);}100%{opacity:0;transform:scale(1, 1) translateX(-900%);}}",
    "tinRightIn": "{0%{opacity:0;transform:scale(1, 1) translateX(900%);}50%, 70%, 90%{opacity:1;transform:scale(1.1, 1.1) translateX(0);}60%, 80%, 100%{opacity:1;transform:scale(1, 1) translateX(0);}}",
    "tinRightOut": "{0%, 20%, 40%, 50%{opacity:1;transform:scale(1, 1) translateX(0);}10%, 30%{opacity:1;transform:scale(1.1, 1.1) translateX(0);}100%{opacity:0;transform:scale(1, 1) translateX(900%);}}",
    "tinUpIn": "{0%{opacity:0;transform:scale(1, 1) translateY(-900%);}50%, 70%, 90%{opacity:1;transform:scale(1.1, 1.1) translateY(0);}60%, 80%, 100%{opacity:1;transform:scale(1, 1) translateY(0);}}",
    "tinUpOut": "{0%, 20%, 40%, 50%{opacity:1;transform:scale(1, 1) translateY(0);}10%, 30%{opacity:1;transform:scale(1.1, 1.1) translateY(0);}100%{opacity:0;transform:scale(1, 1) translateY(-900%);}}",
    "twisterInDown": "{0%{opacity:0;transform-origin:0 100%;transform:scale(0, 0) rotate(360deg) translateY(-100%);}30%{transform-origin:0 100%;transform:scale(0, 0) rotate(360deg) translateY(-100%);}100%{opacity:1;transform-origin:100% 100%;transform:scale(1, 1) rotate(0deg) translateY(0%);}}",
    "twisterInUp": "{0%{opacity:0;transform-origin:100% 0;transform:scale(0, 0) rotate(360deg) translateY(100%);}30%{transform-origin:100% 0;transform:scale(0, 0) rotate(360deg) translateY(100%);}100%{opacity:1;transform-origin:0 0;transform:scale(1, 1) rotate(0deg) translateY(0);}}",
    "vanishIn": "{0%{opacity:0;transform-origin:50% 50%;transform:scale(2, 2);filter:blur(90px);}100%{opacity:1;transform-origin:50% 50%;transform:scale(1, 1);filter:blur(0px);}}",
    "vanishOut": "{0%{opacity:1;transform-origin:50% 50%;transform:scale(1, 1);filter:blur(0px);}100%{opacity:0;transform-origin:50% 50%;transform:scale(2, 2);filter:blur(20px);}}",
  },
  "properties": {
    "boingInUp": {
      "animation-fill-mode": "both",
    },
    "boingOutDown": {
      "animation-fill-mode": "both",
    },
    "bombLeftOut": {
      "animation-fill-mode": "both",
    },
    "bombRightOut": {
      "animation-fill-mode": "both",
    },
    "foolishIn": {
      "animation-fill-mode": "both",
    },
    "foolishOut": {
      "animation-fill-mode": "both",
    },
    "holeOut": {
      "animation-fill-mode": "both",
    },
    "magic": {
      "animation-fill-mode": "both",
    },
    "openDownLeft": {
      "animation-fill-mode": "both",
    },
    "openDownLeftOut": {
      "animation-fill-mode": "both",
    },
    "openDownLeftReturn": {
      "animation-fill-mode": "both",
    },
    "openDownRight": {
      "animation-fill-mode": "both",
    },
    "openDownRightOut": {
      "animation-fill-mode": "both",
    },
    "openDownRightReturn": {
      "animation-fill-mode": "both",
    },
    "openUpLeft": {
      "animation-fill-mode": "both",
    },
    "openUpLeftOut": {
      "animation-fill-mode": "both",
    },
    "openUpLeftReturn": {
      "animation-fill-mode": "both",
    },
    "openUpRight": {
      "animation-fill-mode": "both",
    },
    "openUpRightOut": {
      "animation-fill-mode": "both",
    },
    "openUpRightReturn": {
      "animation-fill-mode": "both",
    },
    "perspectiveDown": {
      "animation-fill-mode": "both",
    },
    "perspectiveDownReturn": {
      "animation-fill-mode": "both",
    },
    "perspectiveLeft": {
      "animation-fill-mode": "both",
    },
    "perspectiveLeftReturn": {
      "animation-fill-mode": "both",
    },
    "perspectiveRight": {
      "animation-fill-mode": "both",
    },
    "perspectiveRightReturn": {
      "animation-fill-mode": "both",
    },
    "perspectiveUp": {
      "animation-fill-mode": "both",
    },
    "perspectiveUpReturn": {
      "animation-fill-mode": "both",
    },
    "puffIn": {
      "animation-fill-mode": "both",
    },
    "puffOut": {
      "animation-fill-mode": "both",
    },
    "rotateDown": {
      "animation-fill-mode": "both",
    },
    "rotateLeft": {
      "animation-fill-mode": "both",
    },
    "rotateRight": {
      "animation-fill-mode": "both",
    },
    "rotateUp": {
      "animation-fill-mode": "both",
    },
    "slideDown": {
      "animation-fill-mode": "both",
    },
    "slideDownReturn": {
      "animation-fill-mode": "both",
    },
    "slideLeft": {
      "animation-fill-mode": "both",
    },
    "slideLeftReturn": {
      "animation-fill-mode": "both",
    },
    "slideRight": {
      "animation-fill-mode": "both",
    },
    "slideRightReturn": {
      "animation-fill-mode": "both",
    },
    "slideUp": {
      "animation-fill-mode": "both",
    },
    "slideUpReturn": {
      "animation-fill-mode": "both",
    },
    "spaceInDown": {
      "animation-fill-mode": "both",
    },
    "spaceInLeft": {
      "animation-fill-mode": "both",
    },
    "spaceInRight": {
      "animation-fill-mode": "both",
    },
    "spaceInUp": {
      "animation-fill-mode": "both",
    },
    "spaceOutDown": {
      "animation-fill-mode": "both",
    },
    "spaceOutLeft": {
      "animation-fill-mode": "both",
    },
    "spaceOutRight": {
      "animation-fill-mode": "both",
    },
    "spaceOutUp": {
      "animation-fill-mode": "both",
    },
    "swap": {
      "animation-fill-mode": "both",
    },
    "swashIn": {
      "animation-fill-mode": "both",
    },
    "swashOut": {
      "animation-fill-mode": "both",
    },
    "tinDownIn": {
      "animation-fill-mode": "both",
    },
    "tinDownOut": {
      "animation-fill-mode": "both",
    },
    "tinLeftIn": {
      "animation-fill-mode": "both",
    },
    "tinLeftOut": {
      "animation-fill-mode": "both",
    },
    "tinRightIn": {
      "animation-fill-mode": "both",
    },
    "tinRightOut": {
      "animation-fill-mode": "both",
    },
    "tinUpIn": {
      "animation-fill-mode": "both",
    },
    "tinUpOut": {
      "animation-fill-mode": "both",
    },
    "twisterInDown": {
      "animation-fill-mode": "both",
    },
    "twisterInUp": {
      "animation-fill-mode": "both",
    },
    "vanishIn": {
      "animation-fill-mode": "both",
    },
    "vanishOut": {
      "animation-fill-mode": "both",
    },
  },
}